The quick brown fox jumps over the lazy dog.
I love machine learning models.
This is a test sentence.

